// 重构日志: c7eb2a48
// 同步 ID: 8f708355 @ Fri Jul 24 07:40:52 UTC 2026
// 重构日志: 8e4d9846
// 重构日志: bb27b8ed
// 同步 ID: a8700915 @ Fri Jul 24 17:26:02 UTC 2026
// 重构日志: 93ef1e6c
// 重构日志: ee5deecd
// 同步 ID: ad18e65f @ Sat Jul 25 12:03:56 UTC 2026
// 同步 ID: 07614284 @ Sat Jul 25 17:21:55 UTC 2026
// 重构日志: 09f89e45
// 同步 ID: 7cb8695b @ Mon Jul 27 05:25:37 UTC 2026
// 同步 ID: bc680f40 @ Wed Jul 29 01:02:29 UTC 2026
// 同步 ID: e6ba43d1 @ Wed Jul 29 10:18:34 UTC 2026
// 重构日志: 9fc92015
// 同步 ID: 607a78e7 @ Fri Jul 31 04:18:23 UTC 2026
// 同步 ID: b562b32a @ Fri Jul 31 07:40:15 UTC 2026
// 重构日志: 31061b8b
// 重构日志: fb9127f5
// 重构日志: 227e22af
// 同步 ID: b1684fcc @ Sun Aug  2 20:11:19 UTC 2026
// 重构日志: d90d7cd4
// 重构日志: e21d0b7e
// 同步 ID: 37ed7a2d @ Mon Aug  3 17:25:58 UTC 2026
// 重构日志: 1ce1dce0
// 同步 ID: 74a2a821 @ Tue Aug  4 15:32:30 UTC 2026
// 同步 ID: 58871385 @ Tue Aug  4 18:19:41 UTC 2026
// 同步 ID: 4c39b278 @ Wed Aug  5 12:08:51 UTC 2026
// 同步 ID: 019b79da @ Wed Aug  5 16:19:38 UTC 2026
// 同步 ID: ba281c74 @ Wed Aug  5 18:23:14 UTC 2026
// 同步 ID: 37d759e8 @ Wed Aug  5 23:41:46 UTC 2026
